20:46:34 **** Incremental Build of configuration Debug for project blackpill_blink3 ****
make -j24 all 
arm-none-eabi-gcc "../Core/Src/main.c" -mcpu=cortex-m4 -std=gnu11 -g3 -DDEBUG -DUSE_HAL_DRIVER -DSTM32F411xE -c -I../Core/Inc -I../Drivers/STM32F4xx_HAL_Driver/Inc -I../Drivers/STM32F4xx_HAL_Driver/Inc/Legacy -I../Drivers/CMSIS/Device/ST/STM32F4xx/Include -I../Drivers/CMSIS/Include -O1 -ffunction-sections -fdata-sections -Wall -fstack-usage -fcyclomatic-complexity -MMD -MP -MF"Core/Src/main.d" -MT"Core/Src/main.o" --specs=nano.specs -mfpu=fpv4-sp-d16 -mfloat-abi=hard -mthumb -o "Core/Src/main.o"
arm-none-eabi-gcc -o "blackpill_blink3.elf" @"objects.list"   -mcpu=cortex-m4 -T"C:\embedded-programming\stm32fun\blackpill_blink3\STM32F411CEUX_FLASH.ld" --specs=nosys.specs -Wl,-Map="blackpill_blink3.map" -Wl,--gc-sections -static --specs=nano.specs -mfpu=fpv4-sp-d16 -mfloat-abi=hard -mthumb -Wl,--start-group -lc -lm -Wl,--end-group
Finished building target: blackpill_blink3.elf
 
arm-none-eabi-size  blackpill_blink3.elf 
arm-none-eabi-objdump -h -S blackpill_blink3.elf  > "blackpill_blink3.list"
   text	   data	    bss	    dec	    hex	filename
   9828	    112	   1984	  11924	   2e94	blackpill_blink3.elf
Finished building: default.size.stdout
 
Finished building: blackpill_blink3.list
 

20:46:35 Build Finished. 0 errors, 0 warnings. (took 617ms)

